col1,"col2",col3,col4
56,field,comma,2.5
"904,2",xxx,,Ã¬
